[32m[Nest] 129603  - [39m30/07/2026, 01:46:20 [32m    LOG[39m [38;5;3m[NestFactory] [39m[32mStarting Nest application...[39m
[32m[Nest] 129603  - [39m30/07/2026, 01:46:20 [32m    LOG[39m [38;5;3m[InstanceLoader] [39m[32mMongooseModule dependencies initialized[39m[38;5;3m +28ms[39m
[32m[Nest] 129603  - [39m30/07/2026, 01:46:20 [32m    LOG[39m [38;5;3m[InstanceLoader] [39m[32mEventsModule dependencies initialized[39m[38;5;3m +0ms[39m
[32m[Nest] 129603  - [39m30/07/2026, 01:46:20 [32m    LOG[39m [38;5;3m[InstanceLoader] [39m[32mHttpModule dependencies initialized[39m[38;5;3m +0ms[39m
[32m[Nest] 129603  - [39m30/07/2026, 01:46:20 [32m    LOG[39m [38;5;3m[InstanceLoader] [39m[32mDiscoveryModule dependencies initialized[39m[38;5;3m +1ms[39m
[32m[Nest] 129603  - [39m30/07/2026, 01:46:20 [32m    LOG[39m [38;5;3m[InstanceLoader] [39m[32mAppModule dependencies initialized[39m[38;5;3m +0ms[39m
[32m[Nest] 129603  - [39m30/07/2026, 01:46:20 [32m    LOG[39m [38;5;3m[InstanceLoader] [39m[32mScheduleModule dependencies initialized[39m[38;5;3m +0ms[39m
[32m[Nest] 129603  - [39m30/07/2026, 01:46:20 [32m    LOG[39m [38;5;3m[InstanceLoader] [39m[32mMongooseCoreModule dependencies initialized[39m[38;5;3m +16ms[39m
[32m[Nest] 129603  - [39m30/07/2026, 01:46:20 [32m    LOG[39m [38;5;3m[InstanceLoader] [39m[32mMongooseModule dependencies initialized[39m[38;5;3m +4ms[39m
[32m[Nest] 129603  - [39m30/07/2026, 01:46:20 [32m    LOG[39m [38;5;3m[InstanceLoader] [39m[32mMongooseModule dependencies initialized[39m[38;5;3m +0ms[39m
[32m[Nest] 129603  - [39m30/07/2026, 01:46:20 [32m    LOG[39m [38;5;3m[InstanceLoader] [39m[32mMongooseModule dependencies initialized[39m[38;5;3m +0ms[39m
[32m[Nest] 129603  - [39m30/07/2026, 01:46:20 [32m    LOG[39m [38;5;3m[InstanceLoader] [39m[32mMongooseModule dependencies initialized[39m[38;5;3m +0ms[39m
[32m[Nest] 129603  - [39m30/07/2026, 01:46:20 [32m    LOG[39m [38;5;3m[InstanceLoader] [39m[32mMongooseModule dependencies initialized[39m[38;5;3m +0ms[39m
[32m[Nest] 129603  - [39m30/07/2026, 01:46:20 [32m    LOG[39m [38;5;3m[InstanceLoader] [39m[32mMongooseModule dependencies initialized[39m[38;5;3m +0ms[39m
[32m[Nest] 129603  - [39m30/07/2026, 01:46:20 [32m    LOG[39m [38;5;3m[InstanceLoader] [39m[32mMongooseModule dependencies initialized[39m[38;5;3m +1ms[39m
[32m[Nest] 129603  - [39m30/07/2026, 01:46:20 [32m    LOG[39m [38;5;3m[InstanceLoader] [39m[32mMongooseModule dependencies initialized[39m[38;5;3m +0ms[39m
[32m[Nest] 129603  - [39m30/07/2026, 01:46:20 [32m    LOG[39m [38;5;3m[InstanceLoader] [39m[32mMongooseModule dependencies initialized[39m[38;5;3m +0ms[39m
[32m[Nest] 129603  - [39m30/07/2026, 01:46:20 [32m    LOG[39m [38;5;3m[InstanceLoader] [39m[32mMongooseModule dependencies initialized[39m[38;5;3m +0ms[39m
[32m[Nest] 129603  - [39m30/07/2026, 01:46:20 [32m    LOG[39m [38;5;3m[InstanceLoader] [39m[32mMongooseModule dependencies initialized[39m[38;5;3m +0ms[39m
[32m[Nest] 129603  - [39m30/07/2026, 01:46:20 [32m    LOG[39m [38;5;3m[InstanceLoader] [39m[32mMongooseModule dependencies initialized[39m[38;5;3m +0ms[39m
[32m[Nest] 129603  - [39m30/07/2026, 01:46:20 [32m    LOG[39m [38;5;3m[InstanceLoader] [39m[32mMongooseModule dependencies initialized[39m[38;5;3m +0ms[39m
[32m[Nest] 129603  - [39m30/07/2026, 01:46:20 [32m    LOG[39m [38;5;3m[InstanceLoader] [39m[32mMongooseModule dependencies initialized[39m[38;5;3m +0ms[39m
[32m[Nest] 129603  - [39m30/07/2026, 01:46:20 [32m    LOG[39m [38;5;3m[InstanceLoader] [39m[32mReceitaFederalModule dependencies initialized[39m[38;5;3m +0ms[39m
[32m[Nest] 129603  - [39m30/07/2026, 01:46:20 [32m    LOG[39m [38;5;3m[InstanceLoader] [39m[32mPncpModule dependencies initialized[39m[38;5;3m +1ms[39m
[32m[Nest] 129603  - [39m30/07/2026, 01:46:20 [32m    LOG[39m [38;5;3m[InstanceLoader] [39m[32mPerfilBuscaModule dependencies initialized[39m[38;5;3m +0ms[39m
[32m[Nest] 129603  - [39m30/07/2026, 01:46:20 [32m    LOG[39m [38;5;3m[InstanceLoader] [39m[32mProdutoModule dependencies initialized[39m[38;5;3m +0ms[39m
[32m[Nest] 129603  - [39m30/07/2026, 01:46:20 [32m    LOG[39m [38;5;3m[InstanceLoader] [39m[32mOportunidadeModule dependencies initialized[39m[38;5;3m +0ms[39m
[32m[Nest] 129603  - [39m30/07/2026, 01:46:20 [32m    LOG[39m [38;5;3m[InstanceLoader] [39m[32mOrgaoModule dependencies initialized[39m[38;5;3m +0ms[39m
[32m[Nest] 129603  - [39m30/07/2026, 01:46:20 [32m    LOG[39m [38;5;3m[InstanceLoader] [39m[32mConfiguracaoModule dependencies initialized[39m[38;5;3m +0ms[39m
[32m[Nest] 129603  - [39m30/07/2026, 01:46:20 [32m    LOG[39m [38;5;3m[InstanceLoader] [39m[32mObservabilityModule dependencies initialized[39m[38;5;3m +0ms[39m
[32m[Nest] 129603  - [39m30/07/2026, 01:46:20 [32m    LOG[39m [38;5;3m[InstanceLoader] [39m[32mPropostaModule dependencies initialized[39m[38;5;3m +0ms[39m
[32m[Nest] 129603  - [39m30/07/2026, 01:46:20 [32m    LOG[39m [38;5;3m[InstanceLoader] [39m[32mFinanceiroModule dependencies initialized[39m[38;5;3m +0ms[39m
[32m[Nest] 129603  - [39m30/07/2026, 01:46:20 [32m    LOG[39m [38;5;3m[InstanceLoader] [39m[32mDashboardModule dependencies initialized[39m[38;5;3m +0ms[39m
[32m[Nest] 129603  - [39m30/07/2026, 01:46:20 [32m    LOG[39m [38;5;3m[InstanceLoader] [39m[32mFornecedorModule dependencies initialized[39m[38;5;3m +0ms[39m
[32m[Nest] 129603  - [39m30/07/2026, 01:46:20 [32m    LOG[39m [38;5;3m[InstanceLoader] [39m[32mCotacaoModule dependencies initialized[39m[38;5;3m +0ms[39m
[32m[Nest] 129603  - [39m30/07/2026, 01:46:20 [32m    LOG[39m [38;5;3m[InstanceLoader] [39m[32mBotModule dependencies initialized[39m[38;5;3m +0ms[39m
[32m[Nest] 129603  - [39m30/07/2026, 01:46:20 [32m    LOG[39m [38;5;3m[BotService] [39m[32mCron dinâmico registrado para: 08:00 (expressão: 00 08 * * *)[39m
[32m[Nest] 129603  - [39m30/07/2026, 01:46:20 [32m    LOG[39m [38;5;3m[BotService] [39m[32mCron dinâmico registrado para: 12:00 (expressão: 00 12 * * *)[39m
[32m[Nest] 129603  - [39m30/07/2026, 01:46:20 [32m    LOG[39m [38;5;3m[BotService] [39m[32mCron dinâmico registrado para: 18:00 (expressão: 00 18 * * *)[39m
--- RUNNING JOB ---
[32m[Nest] 129603  - [39m30/07/2026, 01:46:20 [32m    LOG[39m [38;5;3m[ResultadoItemCollectorService] [39m[32mIniciando job de coleta OTIMIZADA de resultados homologados...[39m
[33m[Nest] 129603  - [39m30/07/2026, 01:46:20 [33m   WARN[39m [38;5;3m[ResultadoItemCollectorService] [39m[33mFalha na requisição para https://pncp.gov.br/api/consulta/v1/contratacoes/atualizacao?dataInicial=20260727&dataFinal=20260730&pagina=1. Tentativa 1/3. Erro: Request failed with status code 400[39m
[33m[Nest] 129603  - [39m30/07/2026, 01:46:25 [33m   WARN[39m [38;5;3m[ResultadoItemCollectorService] [39m[33mFalha na requisição para https://pncp.gov.br/api/consulta/v1/contratacoes/atualizacao?dataInicial=20260727&dataFinal=20260730&pagina=1. Tentativa 2/3. Erro: Request failed with status code 400[39m
[32m[Nest] 129603  - [39m30/07/2026, 01:46:35 [32m    LOG[39m [38;5;3m[BotService] [39m[32mBoot verificado: Bot já rodou hoje (2026-07-30).[39m
[33m[Nest] 129603  - [39m30/07/2026, 01:46:36 [33m   WARN[39m [38;5;3m[ResultadoItemCollectorService] [39m[33mFalha na requisição para https://pncp.gov.br/api/consulta/v1/contratacoes/atualizacao?dataInicial=20260727&dataFinal=20260730&pagina=1. Tentativa 3/3. Erro: Request failed with status code 400[39m
[31m[Nest] 129603  - [39m30/07/2026, 01:46:51 [31m  ERROR[39m [38;5;3m[ResultadoItemCollectorService] [39m[31mErro na página 1: Request failed with status code 400[39m
[32m[Nest] 129603  - [39m30/07/2026, 01:46:51 [32m    LOG[39m [38;5;3m[ResultadoItemCollectorService] [39m[32mJob de resultados finalizado.[39m
--- JOB FINISHED ---
