[32m[Nest] 129986  - [39m30/07/2026, 01:47:08 [32m    LOG[39m [38;5;3m[NestFactory] [39m[32mStarting Nest application...[39m
[32m[Nest] 129986  - [39m30/07/2026, 01:47:08 [32m    LOG[39m [38;5;3m[InstanceLoader] [39m[32mMongooseModule dependencies initialized[39m[38;5;3m +29ms[39m
[32m[Nest] 129986  - [39m30/07/2026, 01:47:08 [32m    LOG[39m [38;5;3m[InstanceLoader] [39m[32mEventsModule dependencies initialized[39m[38;5;3m +0ms[39m
[32m[Nest] 129986  - [39m30/07/2026, 01:47:08 [32m    LOG[39m [38;5;3m[InstanceLoader] [39m[32mHttpModule dependencies initialized[39m[38;5;3m +0ms[39m
[32m[Nest] 129986  - [39m30/07/2026, 01:47:08 [32m    LOG[39m [38;5;3m[InstanceLoader] [39m[32mDiscoveryModule dependencies initialized[39m[38;5;3m +0ms[39m
[32m[Nest] 129986  - [39m30/07/2026, 01:47:08 [32m    LOG[39m [38;5;3m[InstanceLoader] [39m[32mAppModule dependencies initialized[39m[38;5;3m +1ms[39m
[32m[Nest] 129986  - [39m30/07/2026, 01:47:08 [32m    LOG[39m [38;5;3m[InstanceLoader] [39m[32mScheduleModule dependencies initialized[39m[38;5;3m +0ms[39m
[32m[Nest] 129986  - [39m30/07/2026, 01:47:08 [32m    LOG[39m [38;5;3m[InstanceLoader] [39m[32mMongooseCoreModule dependencies initialized[39m[38;5;3m +17ms[39m
[32m[Nest] 129986  - [39m30/07/2026, 01:47:08 [32m    LOG[39m [38;5;3m[InstanceLoader] [39m[32mMongooseModule dependencies initialized[39m[38;5;3m +3ms[39m
[32m[Nest] 129986  - [39m30/07/2026, 01:47:08 [32m    LOG[39m [38;5;3m[InstanceLoader] [39m[32mMongooseModule dependencies initialized[39m[38;5;3m +1ms[39m
[32m[Nest] 129986  - [39m30/07/2026, 01:47:08 [32m    LOG[39m [38;5;3m[InstanceLoader] [39m[32mMongooseModule dependencies initialized[39m[38;5;3m +0ms[39m
[32m[Nest] 129986  - [39m30/07/2026, 01:47:08 [32m    LOG[39m [38;5;3m[InstanceLoader] [39m[32mMongooseModule dependencies initialized[39m[38;5;3m +0ms[39m
[32m[Nest] 129986  - [39m30/07/2026, 01:47:08 [32m    LOG[39m [38;5;3m[InstanceLoader] [39m[32mMongooseModule dependencies initialized[39m[38;5;3m +0ms[39m
[32m[Nest] 129986  - [39m30/07/2026, 01:47:08 [32m    LOG[39m [38;5;3m[InstanceLoader] [39m[32mMongooseModule dependencies initialized[39m[38;5;3m +0ms[39m
[32m[Nest] 129986  - [39m30/07/2026, 01:47:08 [32m    LOG[39m [38;5;3m[InstanceLoader] [39m[32mMongooseModule dependencies initialized[39m[38;5;3m +0ms[39m
[32m[Nest] 129986  - [39m30/07/2026, 01:47:08 [32m    LOG[39m [38;5;3m[InstanceLoader] [39m[32mMongooseModule dependencies initialized[39m[38;5;3m +0ms[39m
[32m[Nest] 129986  - [39m30/07/2026, 01:47:08 [32m    LOG[39m [38;5;3m[InstanceLoader] [39m[32mMongooseModule dependencies initialized[39m[38;5;3m +0ms[39m
[32m[Nest] 129986  - [39m30/07/2026, 01:47:08 [32m    LOG[39m [38;5;3m[InstanceLoader] [39m[32mMongooseModule dependencies initialized[39m[38;5;3m +0ms[39m
[32m[Nest] 129986  - [39m30/07/2026, 01:47:08 [32m    LOG[39m [38;5;3m[InstanceLoader] [39m[32mMongooseModule dependencies initialized[39m[38;5;3m +0ms[39m
[32m[Nest] 129986  - [39m30/07/2026, 01:47:08 [32m    LOG[39m [38;5;3m[InstanceLoader] [39m[32mMongooseModule dependencies initialized[39m[38;5;3m +0ms[39m
[32m[Nest] 129986  - [39m30/07/2026, 01:47:08 [32m    LOG[39m [38;5;3m[InstanceLoader] [39m[32mMongooseModule dependencies initialized[39m[38;5;3m +0ms[39m
[32m[Nest] 129986  - [39m30/07/2026, 01:47:08 [32m    LOG[39m [38;5;3m[InstanceLoader] [39m[32mMongooseModule dependencies initialized[39m[38;5;3m +0ms[39m
[32m[Nest] 129986  - [39m30/07/2026, 01:47:08 [32m    LOG[39m [38;5;3m[InstanceLoader] [39m[32mReceitaFederalModule dependencies initialized[39m[38;5;3m +0ms[39m
[32m[Nest] 129986  - [39m30/07/2026, 01:47:08 [32m    LOG[39m [38;5;3m[InstanceLoader] [39m[32mPncpModule dependencies initialized[39m[38;5;3m +1ms[39m
[32m[Nest] 129986  - [39m30/07/2026, 01:47:08 [32m    LOG[39m [38;5;3m[InstanceLoader] [39m[32mPerfilBuscaModule dependencies initialized[39m[38;5;3m +0ms[39m
[32m[Nest] 129986  - [39m30/07/2026, 01:47:08 [32m    LOG[39m [38;5;3m[InstanceLoader] [39m[32mProdutoModule dependencies initialized[39m[38;5;3m +0ms[39m
[32m[Nest] 129986  - [39m30/07/2026, 01:47:08 [32m    LOG[39m [38;5;3m[InstanceLoader] [39m[32mOportunidadeModule dependencies initialized[39m[38;5;3m +0ms[39m
[32m[Nest] 129986  - [39m30/07/2026, 01:47:08 [32m    LOG[39m [38;5;3m[InstanceLoader] [39m[32mOrgaoModule dependencies initialized[39m[38;5;3m +0ms[39m
[32m[Nest] 129986  - [39m30/07/2026, 01:47:08 [32m    LOG[39m [38;5;3m[InstanceLoader] [39m[32mConfiguracaoModule dependencies initialized[39m[38;5;3m +0ms[39m
[32m[Nest] 129986  - [39m30/07/2026, 01:47:08 [32m    LOG[39m [38;5;3m[InstanceLoader] [39m[32mObservabilityModule dependencies initialized[39m[38;5;3m +0ms[39m
[32m[Nest] 129986  - [39m30/07/2026, 01:47:08 [32m    LOG[39m [38;5;3m[InstanceLoader] [39m[32mPropostaModule dependencies initialized[39m[38;5;3m +0ms[39m
[32m[Nest] 129986  - [39m30/07/2026, 01:47:08 [32m    LOG[39m [38;5;3m[InstanceLoader] [39m[32mFinanceiroModule dependencies initialized[39m[38;5;3m +0ms[39m
[32m[Nest] 129986  - [39m30/07/2026, 01:47:08 [32m    LOG[39m [38;5;3m[InstanceLoader] [39m[32mDashboardModule dependencies initialized[39m[38;5;3m +0ms[39m
[32m[Nest] 129986  - [39m30/07/2026, 01:47:08 [32m    LOG[39m [38;5;3m[InstanceLoader] [39m[32mFornecedorModule dependencies initialized[39m[38;5;3m +0ms[39m
[32m[Nest] 129986  - [39m30/07/2026, 01:47:08 [32m    LOG[39m [38;5;3m[InstanceLoader] [39m[32mCotacaoModule dependencies initialized[39m[38;5;3m +0ms[39m
[32m[Nest] 129986  - [39m30/07/2026, 01:47:08 [32m    LOG[39m [38;5;3m[InstanceLoader] [39m[32mBotModule dependencies initialized[39m[38;5;3m +0ms[39m
[32m[Nest] 129986  - [39m30/07/2026, 01:47:08 [32m    LOG[39m [38;5;3m[BotService] [39m[32mCron dinâmico registrado para: 08:00 (expressão: 00 08 * * *)[39m
[32m[Nest] 129986  - [39m30/07/2026, 01:47:08 [32m    LOG[39m [38;5;3m[BotService] [39m[32mCron dinâmico registrado para: 12:00 (expressão: 00 12 * * *)[39m
[32m[Nest] 129986  - [39m30/07/2026, 01:47:08 [32m    LOG[39m [38;5;3m[BotService] [39m[32mCron dinâmico registrado para: 18:00 (expressão: 00 18 * * *)[39m
--- RUNNING JOB ---
[32m[Nest] 129986  - [39m30/07/2026, 01:47:08 [32m    LOG[39m [38;5;3m[ResultadoItemCollectorService] [39m[32mIniciando job de coleta OTIMIZADA de resultados homologados...[39m
(node:129986) [MONGOOSE] Warning: mongoose: the `new` option for `findOneAndUpdate()` and `findOneAndReplace()` is deprecated. Use `returnDocument: 'after'` instead.
(Use `node --trace-warnings ...` to show where the warning was created)
(node:129986) [MONGOOSE] Warning: mongoose: the `new` option for `findOneAndUpdate()` and `findOneAndReplace()` is deprecated. Use `returnDocument: 'after'` instead.
(node:129986) [MONGOOSE] Warning: mongoose: the `new` option for `findOneAndUpdate()` and `findOneAndReplace()` is deprecated. Use `returnDocument: 'after'` instead.
(node:129986) [MONGOOSE] Warning: mongoose: the `new` option for `findOneAndUpdate()` and `findOneAndReplace()` is deprecated. Use `returnDocument: 'after'` instead.
(node:129986) [MONGOOSE] Warning: mongoose: the `new` option for `findOneAndUpdate()` and `findOneAndReplace()` is deprecated. Use `returnDocument: 'after'` instead.
(node:129986) [MONGOOSE] Warning: mongoose: the `new` option for `findOneAndUpdate()` and `findOneAndReplace()` is deprecated. Use `returnDocument: 'after'` instead.
(node:129986) [MONGOOSE] Warning: mongoose: the `new` option for `findOneAndUpdate()` and `findOneAndReplace()` is deprecated. Use `returnDocument: 'after'` instead.
(node:129986) [MONGOOSE] Warning: mongoose: the `new` option for `findOneAndUpdate()` and `findOneAndReplace()` is deprecated. Use `returnDocument: 'after'` instead.
(node:129986) [MONGOOSE] Warning: mongoose: the `new` option for `findOneAndUpdate()` and `findOneAndReplace()` is deprecated. Use `returnDocument: 'after'` instead.
(node:129986) [MONGOOSE] Warning: mongoose: the `new` option for `findOneAndUpdate()` and `findOneAndReplace()` is deprecated. Use `returnDocument: 'after'` instead.
(node:129986) [MONGOOSE] Warning: mongoose: the `new` option for `findOneAndUpdate()` and `findOneAndReplace()` is deprecated. Use `returnDocument: 'after'` instead.
[32m[Nest] 129986  - [39m30/07/2026, 01:47:23 [32m    LOG[39m [38;5;3m[BotService] [39m[32mBoot verificado: Bot já rodou hoje (2026-07-30).[39m
(node:129986) [MONGOOSE] Warning: mongoose: the `new` option for `findOneAndUpdate()` and `findOneAndReplace()` is deprecated. Use `returnDocument: 'after'` instead.
(node:129986) [MONGOOSE] Warning: mongoose: the `new` option for `findOneAndUpdate()` and `findOneAndReplace()` is deprecated. Use `returnDocument: 'after'` instead.
(node:129986) [MONGOOSE] Warning: mongoose: the `new` option for `findOneAndUpdate()` and `findOneAndReplace()` is deprecated. Use `returnDocument: 'after'` instead.
(node:129986) [MONGOOSE] Warning: mongoose: the `new` option for `findOneAndUpdate()` and `findOneAndReplace()` is deprecated. Use `returnDocument: 'after'` instead.
(node:129986) [MONGOOSE] Warning: mongoose: the `new` option for `findOneAndUpdate()` and `findOneAndReplace()` is deprecated. Use `returnDocument: 'after'` instead.
(node:129986) [MONGOOSE] Warning: mongoose: the `new` option for `findOneAndUpdate()` and `findOneAndReplace()` is deprecated. Use `returnDocument: 'after'` instead.
(node:129986) [MONGOOSE] Warning: mongoose: the `new` option for `findOneAndUpdate()` and `findOneAndReplace()` is deprecated. Use `returnDocument: 'after'` instead.
(node:129986) [MONGOOSE] Warning: mongoose: the `new` option for `findOneAndUpdate()` and `findOneAndReplace()` is deprecated. Use `returnDocument: 'after'` instead.
(node:129986) [MONGOOSE] Warning: mongoose: the `new` option for `findOneAndUpdate()` and `findOneAndReplace()` is deprecated. Use `returnDocument: 'after'` instead.
(node:129986) [MONGOOSE] Warning: mongoose: the `new` option for `findOneAndUpdate()` and `findOneAndReplace()` is deprecated. Use `returnDocument: 'after'` instead.
(node:129986) [MONGOOSE] Warning: mongoose: the `new` option for `findOneAndUpdate()` and `findOneAndReplace()` is deprecated. Use `returnDocument: 'after'` instead.
(node:129986) [MONGOOSE] Warning: mongoose: the `new` option for `findOneAndUpdate()` and `findOneAndReplace()` is deprecated. Use `returnDocument: 'after'` instead.
(node:129986) [MONGOOSE] Warning: mongoose: the `new` option for `findOneAndUpdate()` and `findOneAndReplace()` is deprecated. Use `returnDocument: 'after'` instead.
(node:129986) [MONGOOSE] Warning: mongoose: the `new` option for `findOneAndUpdate()` and `findOneAndReplace()` is deprecated. Use `returnDocument: 'after'` instead.
(node:129986) [MONGOOSE] Warning: mongoose: the `new` option for `findOneAndUpdate()` and `findOneAndReplace()` is deprecated. Use `returnDocument: 'after'` instead.
(node:129986) [MONGOOSE] Warning: mongoose: the `new` option for `findOneAndUpdate()` and `findOneAndReplace()` is deprecated. Use `returnDocument: 'after'` instead.
(node:129986) [MONGOOSE] Warning: mongoose: the `new` option for `findOneAndUpdate()` and `findOneAndReplace()` is deprecated. Use `returnDocument: 'after'` instead.
(node:129986) [MONGOOSE] Warning: mongoose: the `new` option for `findOneAndUpdate()` and `findOneAndReplace()` is deprecated. Use `returnDocument: 'after'` instead.
(node:129986) [MONGOOSE] Warning: mongoose: the `new` option for `findOneAndUpdate()` and `findOneAndReplace()` is deprecated. Use `returnDocument: 'after'` instead.
(node:129986) [MONGOOSE] Warning: mongoose: the `new` option for `findOneAndUpdate()` and `findOneAndReplace()` is deprecated. Use `returnDocument: 'after'` instead.
(node:129986) [MONGOOSE] Warning: mongoose: the `new` option for `findOneAndUpdate()` and `findOneAndReplace()` is deprecated. Use `returnDocument: 'after'` instead.
(node:129986) [MONGOOSE] Warning: mongoose: the `new` option for `findOneAndUpdate()` and `findOneAndReplace()` is deprecated. Use `returnDocument: 'after'` instead.
(node:129986) [MONGOOSE] Warning: mongoose: the `new` option for `findOneAndUpdate()` and `findOneAndReplace()` is deprecated. Use `returnDocument: 'after'` instead.
(node:129986) [MONGOOSE] Warning: mongoose: the `new` option for `findOneAndUpdate()` and `findOneAndReplace()` is deprecated. Use `returnDocument: 'after'` instead.
