[32m[Nest] 75963  - [39m29/07/2026, 02:03:39 [32m    LOG[39m [38;5;3m[SeedDataLake] [39m[32mIniciando script de Sincronização do Data Lake da Receita Federal (ETL Standalone)...[39m
[32m[Nest] 75963  - [39m29/07/2026, 02:03:39 [32m    LOG[39m [38;5;3m[NestFactory] [39m[32mStarting Nest application...[39m[38;5;3m +2ms[39m
[32m[Nest] 75963  - [39m29/07/2026, 02:03:39 [32m    LOG[39m [38;5;3m[InstanceLoader] [39m[32mMongooseModule dependencies initialized[39m[38;5;3m +29ms[39m
[32m[Nest] 75963  - [39m29/07/2026, 02:03:39 [32m    LOG[39m [38;5;3m[InstanceLoader] [39m[32mEventsModule dependencies initialized[39m[38;5;3m +0ms[39m
[32m[Nest] 75963  - [39m29/07/2026, 02:03:39 [32m    LOG[39m [38;5;3m[InstanceLoader] [39m[32mHttpModule dependencies initialized[39m[38;5;3m +0ms[39m
[32m[Nest] 75963  - [39m29/07/2026, 02:03:39 [32m    LOG[39m [38;5;3m[InstanceLoader] [39m[32mDiscoveryModule dependencies initialized[39m[38;5;3m +0ms[39m
[32m[Nest] 75963  - [39m29/07/2026, 02:03:39 [32m    LOG[39m [38;5;3m[InstanceLoader] [39m[32mAppModule dependencies initialized[39m[38;5;3m +1ms[39m
[32m[Nest] 75963  - [39m29/07/2026, 02:03:39 [32m    LOG[39m [38;5;3m[InstanceLoader] [39m[32mScheduleModule dependencies initialized[39m[38;5;3m +0ms[39m
[32m[Nest] 75963  - [39m29/07/2026, 02:03:39 [32m    LOG[39m [38;5;3m[InstanceLoader] [39m[32mPncpModule dependencies initialized[39m[38;5;3m +0ms[39m
[32m[Nest] 75963  - [39m29/07/2026, 02:03:39 [32m    LOG[39m [38;5;3m[InstanceLoader] [39m[32mMongooseCoreModule dependencies initialized[39m[38;5;3m +44ms[39m
[32m[Nest] 75963  - [39m29/07/2026, 02:03:39 [32m    LOG[39m [38;5;3m[InstanceLoader] [39m[32mMongooseModule dependencies initialized[39m[38;5;3m +5ms[39m
[32m[Nest] 75963  - [39m29/07/2026, 02:03:39 [32m    LOG[39m [38;5;3m[InstanceLoader] [39m[32mMongooseModule dependencies initialized[39m[38;5;3m +0ms[39m
[32m[Nest] 75963  - [39m29/07/2026, 02:03:39 [32m    LOG[39m [38;5;3m[InstanceLoader] [39m[32mMongooseModule dependencies initialized[39m[38;5;3m +0ms[39m
[32m[Nest] 75963  - [39m29/07/2026, 02:03:39 [32m    LOG[39m [38;5;3m[InstanceLoader] [39m[32mMongooseModule dependencies initialized[39m[38;5;3m +0ms[39m
[32m[Nest] 75963  - [39m29/07/2026, 02:03:39 [32m    LOG[39m [38;5;3m[InstanceLoader] [39m[32mMongooseModule dependencies initialized[39m[38;5;3m +0ms[39m
[32m[Nest] 75963  - [39m29/07/2026, 02:03:39 [32m    LOG[39m [38;5;3m[InstanceLoader] [39m[32mMongooseModule dependencies initialized[39m[38;5;3m +0ms[39m
[32m[Nest] 75963  - [39m29/07/2026, 02:03:39 [32m    LOG[39m [38;5;3m[InstanceLoader] [39m[32mMongooseModule dependencies initialized[39m[38;5;3m +1ms[39m
[32m[Nest] 75963  - [39m29/07/2026, 02:03:39 [32m    LOG[39m [38;5;3m[InstanceLoader] [39m[32mMongooseModule dependencies initialized[39m[38;5;3m +0ms[39m
[32m[Nest] 75963  - [39m29/07/2026, 02:03:39 [32m    LOG[39m [38;5;3m[InstanceLoader] [39m[32mMongooseModule dependencies initialized[39m[38;5;3m +0ms[39m
[32m[Nest] 75963  - [39m29/07/2026, 02:03:39 [32m    LOG[39m [38;5;3m[InstanceLoader] [39m[32mMongooseModule dependencies initialized[39m[38;5;3m +0ms[39m
[32m[Nest] 75963  - [39m29/07/2026, 02:03:39 [32m    LOG[39m [38;5;3m[InstanceLoader] [39m[32mMongooseModule dependencies initialized[39m[38;5;3m +0ms[39m
[32m[Nest] 75963  - [39m29/07/2026, 02:03:39 [32m    LOG[39m [38;5;3m[InstanceLoader] [39m[32mMongooseModule dependencies initialized[39m[38;5;3m +0ms[39m
[32m[Nest] 75963  - [39m29/07/2026, 02:03:39 [32m    LOG[39m [38;5;3m[InstanceLoader] [39m[32mMongooseModule dependencies initialized[39m[38;5;3m +0ms[39m
[32m[Nest] 75963  - [39m29/07/2026, 02:03:39 [32m    LOG[39m [38;5;3m[InstanceLoader] [39m[32mReceitaFederalModule dependencies initialized[39m[38;5;3m +0ms[39m
[32m[Nest] 75963  - [39m29/07/2026, 02:03:39 [32m    LOG[39m [38;5;3m[InstanceLoader] [39m[32mPerfilBuscaModule dependencies initialized[39m[38;5;3m +1ms[39m
[32m[Nest] 75963  - [39m29/07/2026, 02:03:39 [32m    LOG[39m [38;5;3m[InstanceLoader] [39m[32mProdutoModule dependencies initialized[39m[38;5;3m +0ms[39m
[32m[Nest] 75963  - [39m29/07/2026, 02:03:39 [32m    LOG[39m [38;5;3m[InstanceLoader] [39m[32mOportunidadeModule dependencies initialized[39m[38;5;3m +0ms[39m
[32m[Nest] 75963  - [39m29/07/2026, 02:03:39 [32m    LOG[39m [38;5;3m[InstanceLoader] [39m[32mOrgaoModule dependencies initialized[39m[38;5;3m +0ms[39m
[32m[Nest] 75963  - [39m29/07/2026, 02:03:39 [32m    LOG[39m [38;5;3m[InstanceLoader] [39m[32mConfiguracaoModule dependencies initialized[39m[38;5;3m +0ms[39m
[32m[Nest] 75963  - [39m29/07/2026, 02:03:39 [32m    LOG[39m [38;5;3m[InstanceLoader] [39m[32mObservabilityModule dependencies initialized[39m[38;5;3m +0ms[39m
[32m[Nest] 75963  - [39m29/07/2026, 02:03:39 [32m    LOG[39m [38;5;3m[InstanceLoader] [39m[32mPropostaModule dependencies initialized[39m[38;5;3m +0ms[39m
[32m[Nest] 75963  - [39m29/07/2026, 02:03:39 [32m    LOG[39m [38;5;3m[InstanceLoader] [39m[32mFinanceiroModule dependencies initialized[39m[38;5;3m +0ms[39m
[32m[Nest] 75963  - [39m29/07/2026, 02:03:39 [32m    LOG[39m [38;5;3m[InstanceLoader] [39m[32mDashboardModule dependencies initialized[39m[38;5;3m +0ms[39m
[32m[Nest] 75963  - [39m29/07/2026, 02:03:39 [32m    LOG[39m [38;5;3m[InstanceLoader] [39m[32mFornecedorModule dependencies initialized[39m[38;5;3m +0ms[39m
[32m[Nest] 75963  - [39m29/07/2026, 02:03:39 [32m    LOG[39m [38;5;3m[InstanceLoader] [39m[32mCotacaoModule dependencies initialized[39m[38;5;3m +0ms[39m
[32m[Nest] 75963  - [39m29/07/2026, 02:03:39 [32m    LOG[39m [38;5;3m[InstanceLoader] [39m[32mBotModule dependencies initialized[39m[38;5;3m +0ms[39m
[32m[Nest] 75963  - [39m29/07/2026, 02:03:39 [32m    LOG[39m [38;5;3m[BotService] [39m[32mCron dinâmico registrado para: 08:00 (expressão: 00 08 * * *)[39m
[32m[Nest] 75963  - [39m29/07/2026, 02:03:39 [32m    LOG[39m [38;5;3m[BotService] [39m[32mCron dinâmico registrado para: 12:00 (expressão: 00 12 * * *)[39m
[32m[Nest] 75963  - [39m29/07/2026, 02:03:39 [32m    LOG[39m [38;5;3m[BotService] [39m[32mCron dinâmico registrado para: 18:00 (expressão: 00 18 * * *)[39m
[32m[Nest] 75963  - [39m29/07/2026, 02:03:39 [32m    LOG[39m [38;5;3m[SeedDataLake] [39m[32mIniciando o pipeline ETL...[39m
[32m[Nest] 75963  - [39m29/07/2026, 02:03:39 [32m    LOG[39m [38;5;3m[ReceitaFederalService] [39m[32m--- INICIANDO PIPELINE DE ETL DO DATA LAKE ---[39m
[32m[Nest] 75963  - [39m29/07/2026, 02:03:39 [32m    LOG[39m [38;5;3m[ReceitaFederalService] [39m[32mCarregando dicionário na memória: Municipios...[39m
[32m[Nest] 75963  - [39m29/07/2026, 02:03:54 [32m    LOG[39m [38;5;3m[BotService] [39m[32mRecuperação pós-boot: Bot não rodou hoje (2026-07-29). Iniciando busca diária...[39m
(node:75963) [MONGOOSE] Warning: mongoose: the `new` option for `findOneAndUpdate()` and `findOneAndReplace()` is deprecated. Use `returnDocument: 'after'` instead.
(Use `node --trace-warnings ...` to show where the warning was created)
[32m[Nest] 75963  - [39m29/07/2026, 02:03:54 [32m    LOG[39m [38;5;3m[BotService] [39m[32mBusca automática concluída. Data registrada: 2026-07-29[39m
Error: connect ETIMEDOUT 200.152.38.155:443
    at TCPConnectWrap.afterConnect [as oncomplete] (node:net:1706:16) {
  errno: -110,
  code: 'ETIMEDOUT',
  syscall: 'connect',
  address: '200.152.38.155',
  port: 443
}
